// Jest Snapshot v1, https://goo.gl/fbAQLP

exports[`DateBadge should render properly 1`] = `
<DateBadge>
  <glamorous(div)>
    <div
      className="css-a7u1rk"
    />
  </glamorous(div)>
</DateBadge>
`;
