// Jest Snapshot v1, https://goo.gl/fbAQLP

exports[`Home should render null if world is empty 1`] = `null`;

exports[`Home should render properly if world is not empty 1`] = `
<styled.div>
  <styled.div>
    <img
      alt="logo"
      src="test-file-stub"
    />
  </styled.div>
  <styled.section>
    <h1>
      Esplora le soluzioni Leroy Merlin per
      <span>
        Â 
        Giardino e Terrazzo
      </span>
    </h1>
  </styled.section>
  <styled.div>
    <styled.div>
      <FamilyBadge
        family={
          Immutable.Map {
            familyName: "Tavoli",
            image: "test-file-stub",
            categoryCode: "CAT656",
          }
        }
        size="square-big"
      />
      <styled.div>
        <FamilyBadge
          family={
            Immutable.Map {
              familyName: "Gazebo",
              image: "test-file-stub",
              categoryCode: "CAT944",
            }
          }
          size="square-small"
        />
        <FamilyBadge
          family={
            Immutable.Map {
              familyName: "Sedie e Poltrone",
              image: "test-file-stub",
              categoryCode: "CAT657",
            }
          }
          size="square-small"
        />
      </styled.div>
      <styled.div>
        <FamilyBadge
          family={
            Immutable.Map {
              familyName: "Panchine",
              image: "test-file-stub",
              categoryCode: "CAT945",
            }
          }
          size="square-small"
        />
        <FamilyBadge
          family={
            Immutable.Map {
              familyName: "Dondoli e Amache",
              image: "test-file-stub",
              categoryCode: "CAT659",
            }
          }
          size="square-small"
        />
      </styled.div>
    </styled.div>
    <styled.div>
      <FamilyBadge
        family={
          Immutable.Map {
            familyName: "Ombrelloni e Basi",
            image: "test-file-stub",
            categoryCode: "CAT660",
          }
        }
        size="square-small"
      />
      <FamilyBadge
        family={
          Immutable.Map {
            familyName: "Set di tavoli e sedie",
            image: "test-file-stub",
            categoryCode: "CAT655",
          }
        }
        size="horizontal"
      />
      <FamilyBadge
        family={
          Immutable.Map {
            familyName: "Sdraio e Lettini",
            image: "test-file-stub",
            categoryCode: "CAT658",
          }
        }
        size="square-small"
      />
    </styled.div>
    <styled.div>
      <FamilyBadge
        family={
          Immutable.Map {
            familyName: "Pergole",
            image: "test-file-stub",
            categoryCode: "CAT676",
          }
        }
        size="square-small"
      />
      <FamilyBadge
        family={
          Immutable.Map {
            familyName: "Carport",
            image: "test-file-stub",
            categoryCode: "CAT4231",
          }
        }
        size="square-small"
      />
      <FamilyBadge
        family={
          Immutable.Map {
            familyName: "Divisori Giardino",
            image: "test-file-stub",
            categoryCode: "CAT4097",
          }
        }
        size="horizontal"
      />
    </styled.div>
    <TutorialButton>
      <styled.div
        url="test-file-stub"
      >
        Scopri le funzioni del Digital Store
        <ActionHelpOutline
          color="#fff"
          style={
            Object {
              "height": 65,
              "width": 65,
            }
          }
        />
      </styled.div>
    </TutorialButton>
  </styled.div>
  <styled.img
    alt="alt"
    src="test-file-stub"
  />
</styled.div>
`;
