// Jest Snapshot v1, https://goo.gl/fbAQLP

exports[`MarketingFlag should render an empty div when no promotions are active 1`] = `
<MarketingFlag
  loyaltyProgram={Object {}}
  marketingAttributes={Object {}}
>
  <glamorous(div)>
    <div
      className="css-c7um26"
    />
  </glamorous(div)>
</MarketingFlag>
`;

exports[`MarketingFlag should render properly when promotions are active 1`] = `
<MarketingFlag
  loyaltyProgram={
    Object {
      "type": "DISCOUNT",
      "value": 10,
    }
  }
  marketingAttributes={
    Object {
      "specialBadgeCode": "PREZZO_STOCK",
    }
  }
>
  <glamorous(div)>
    <div
      className="css-c7um26"
    >
      <MarketingBadge
        promotion={
          Object {
            "code": "IDEAPIU",
            "value": 10,
          }
        }
      >
        <Component
          src="test-file-stub"
          value={10}
        >
          <glamorous(div)>
            <div
              className="css-13azwyo"
            >
              <glamorous(img)
                height="50px"
                mBottom="18px"
                src="test-file-stub"
                width="100px"
              >
                <img
                  className="css-1mc4zot"
                  src="test-file-stub"
                />
              </glamorous(img)>
              <glamorous(p)>
                <p
                  className="css-178lsms"
                >
                  -10% IDEAPIÃš
                </p>
              </glamorous(p)>
            </div>
          </glamorous(div)>
        </Component>
      </MarketingBadge>
    </div>
  </glamorous(div)>
</MarketingFlag>
`;
