// Jest Snapshot v1, https://goo.gl/fbAQLP

exports[`Novita should render properly 1`] = `
<styled.div>
  <styled.div />
  <styled.span>
    NOVITÃ€
  </styled.span>
</styled.div>
`;
